
> frontend@0.1.0 build
> next build

▲ Next.js 16.1.6 (Turbopack)

  Creating an optimized production build ...
Error: Can't resolve 'tailwindcss-animate' in '/home/sanket/PROJECT/frontend/src/app'
    [2m[at finishWithoutResolve (/home/sanket/PROJECT/frontend/node_modules/enhanced-resolve/lib/Resolver.js:586:18)][0m
    [2m[at /home/sanket/PROJECT/frontend/node_modules/enhanced-resolve/lib/Resolver.js:678:14][0m
    [2m[at /home/sanket/PROJECT/frontend/node_modules/enhanced-resolve/lib/Resolver.js:739:5][0m
    [2m[at eval (eval at create (/home/sanket/PROJECT/frontend/node_modules/tapable/lib/HookCodeFactory.js:31:10), <anonymous>:15:1)][0m
    [2m[at /home/sanket/PROJECT/frontend/node_modules/enhanced-resolve/lib/Resolver.js:739:5][0m
    [2m[at eval (eval at create (/home/sanket/PROJECT/frontend/node_modules/tapable/lib/HookCodeFactory.js:31:10), <anonymous>:27:1)][0m
    [2m[at /home/sanket/PROJECT/frontend/node_modules/enhanced-resolve/lib/DescriptionFilePlugin.js:89:43][0m
    [2m[at /home/sanket/PROJECT/frontend/node_modules/enhanced-resolve/lib/Resolver.js:739:5][0m
    [2m[at eval (eval at create (/home/sanket/PROJECT/frontend/node_modules/tapable/lib/HookCodeFactory.js:31:10), <anonymous>:15:1)][0m
    [2m[at /home/sanket/PROJECT/frontend/node_modules/enhanced-resolve/lib/Resolver.js:739:5][0m {
  details: "resolve 'tailwindcss-animate' in '/home/sanket/PROJECT/frontend/src/app'\n" +
    '  Parsed request is a module\n' +
    '  using description file: /home/sanket/PROJECT/frontend/package.json (relative path: ./src/app)\n' +
    '    resolve as module\n' +
    "      /home/sanket/PROJECT/frontend/src/app/node_modules doesn't exist or is not a directory\n" +
    "      /home/sanket/PROJECT/frontend/src/node_modules doesn't exist or is not a directory\n" +
    '      looking for modules in /home/sanket/PROJECT/frontend/node_modules\n' +
    '        single file module\n' +
    '          using description file: /home/sanket/PROJECT/frontend/package.json (relative path: ./node_modules/tailwindcss-animate)\n' +
    '            no extension\n' +
    "              /home/sanket/PROJECT/frontend/node_modules/tailwindcss-animate doesn't exist\n" +
    '            .js\n' +
    "              /home/sanket/PROJECT/frontend/node_modules/tailwindcss-animate.js doesn't exist\n" +
    '            .json\n' +
    "              /home/sanket/PROJECT/frontend/node_modules/tailwindcss-animate.json doesn't exist\n" +
    '            .node\n' +
    "              /home/sanket/PROJECT/frontend/node_modules/tailwindcss-animate.node doesn't exist\n" +
    '            .ts\n' +
    "              /home/sanket/PROJECT/frontend/node_modules/tailwindcss-animate.ts doesn't exist\n" +
    "        /home/sanket/PROJECT/frontend/node_modules/tailwindcss-animate doesn't exist\n" +
    "      /home/sanket/PROJECT/node_modules doesn't exist or is not a directory\n" +
    "      /home/sanket/node_modules doesn't exist or is not a directory\n" +
    "      /home/node_modules doesn't exist or is not a directory\n" +
    "      /node_modules doesn't exist or is not a directory"
}

> Build error occurred
Error: Turbopack build failed with 1 errors:
./src/app/globals.css
Error evaluating Node.js code
CssSyntaxError: tailwindcss: /home/sanket/PROJECT/frontend/src/app/globals.css:1:1: Can't resolve 'tailwindcss-animate' in '/home/sanket/PROJECT/frontend/src/app'
    at Input.error (node_modules/postcss/lib/input.js:106:16) [/home/sanket/PROJECT/frontend/.next/build/chunks/node_modules_12b5f858._.js:4132:22]
    at Root.error (node_modules/postcss/lib/node.js:115:32) [/home/sanket/PROJECT/frontend/.next/build/chunks/node_modules_12b5f858._.js:895:38]
    [at Object.Once (/home/sanket/PROJECT/frontend/node_modules/@tailwindcss/postcss/dist/index.js:10:6913)]
    at async LazyResult.runAsync (node_modules/postcss/lib/lazy-result.js:261:11) [/home/sanket/PROJECT/frontend/.next/build/chunks/node_modules_12b5f858._.js:6052:21]
    at async transform (turbopack:///[turbopack-node]/transforms/postcss.ts:70:34) [/home/sanket/PROJECT/frontend/.next/build/chunks/[root-of-the-server]__51225daf._.js:146:36]
    at async run (turbopack:///[turbopack-node]/ipc/evaluate.ts:92:23) [/home/sanket/PROJECT/frontend/.next/build/chunks/[root-of-the-server]__974941ed._.js:443:31]

Import trace:
  Client Component Browser:
    ./src/app/globals.css [Client Component Browser]
    ./src/app/layout.tsx [Server Component]


    at async transform (turbopack:///[turbopack-node]/transforms/postcss.ts:70:34) [/home/sanket/PROJECT/frontend/.next/build/chunks/[root-of-the-server]__51225daf._.js:146:36])
    at async run (turbopack:///[turbopack-node]/ipc/evaluate.ts:92:23) [/home/sanket/PROJECT/frontend/.next/build/chunks/[root-of-the-server]__974941ed._.js:443:31])
